
ae-dub-1-sw1#terminal length 0
ae-dub-1-sw1#sh cdp nei detail | i IP
  IP address: 10.139.0.254
  IP address: 10.139.0.254
  IP address: 80.227.152.38
  IP address: 80.227.152.38
  IP address: 10.139.0.253
  IP address: 10.139.0.253
ae-dub-1-sw1#sh ip inter brief
Interface              IP-Address      OK? Method Status                Protocol
Vlan1                  10.189.26.242   YES TFTP   administratively down down    
Vlan99                 10.139.0.240    YES TFTP   up                    up      
GigabitEthernet1/0/1   unassigned      YES unset  down                  down    
GigabitEthernet1/0/2   unassigned      YES unset  down                  down    
GigabitEthernet1/0/3   unassigned      YES unset  down                  down    
GigabitEthernet1/0/4   unassigned      YES unset  down                  down    
GigabitEthernet1/0/5   unassigned      YES unset  down                  down    
GigabitEthernet1/0/6   unassigned      YES unset  down                  down    
GigabitEthernet1/0/7   unassigned      YES unset  down                  down    
GigabitEthernet1/0/8   unassigned      YES unset  down                  down    
GigabitEthernet1/0/9   unassigned      YES unset  down                  down    
GigabitEthernet1/0/10  unassigned      YES unset  down                  down    
GigabitEthernet1/0/11  unassigned      YES unset  down                  down    
GigabitEthernet1/0/12  unassigned      YES unset  down                  down    
GigabitEthernet1/0/13  unassigned      YES unset  down                  down    
GigabitEthernet1/0/14  unassigned      YES unset  down                  down    
GigabitEthernet1/0/15  unassigned      YES unset  down                  down    
GigabitEthernet1/0/16  unassigned      YES unset  down                  down    
GigabitEthernet1/0/17  unassigned      YES unset  down                  down    
GigabitEthernet1/0/18  unassigned      YES unset  up                    up      
GigabitEthernet1/0/19  unassigned      YES unset  down                  down    
GigabitEthernet1/0/20  unassigned      YES unset  up                    up      
GigabitEthernet1/0/21  unassigned      YES unset  up                    up      
GigabitEthernet1/0/22  unassigned      YES unset  up                    up      
GigabitEthernet1/0/23  unassigned      YES unset  down                  down    
GigabitEthernet1/0/24  unassigned      YES unset  up                    up      
GigabitEthernet1/0/25  unassigned      YES unset  up                    up      
GigabitEthernet1/0/26  unassigned      YES unset  down                  down    
GigabitEthernet1/0/27  unassigned      YES unset  down                  down    
GigabitEthernet1/0/28  unassigned      YES unset  down                  down    
GigabitEthernet2/0/1   unassigned      YES unset  down                  down    
GigabitEthernet2/0/2   unassigned      YES unset  down                  down    
GigabitEthernet2/0/3   unassigned      YES unset  down                  down    
GigabitEthernet2/0/4   unassigned      YES unset  down                  down    
GigabitEthernet2/0/5   unassigned      YES unset  up                    up      
GigabitEthernet2/0/6   unassigned      YES unset  down                  down    
GigabitEthernet2/0/7   unassigned      YES unset  down                  down    
GigabitEthernet2/0/8   unassigned      YES unset  down                  down    
GigabitEthernet2/0/9   unassigned      YES unset  down                  down    
GigabitEthernet2/0/10  unassigned      YES unset  down                  down    
GigabitEthernet2/0/11  unassigned      YES unset  down                  down    
GigabitEthernet2/0/12  unassigned      YES unset  down                  down    
GigabitEthernet2/0/13  unassigned      YES unset  down                  down    
GigabitEthernet2/0/14  unassigned      YES unset  down                  down    
GigabitEthernet2/0/15  unassigned      YES unset  down                  down    
GigabitEthernet2/0/16  unassigned      YES unset  down                  down    
GigabitEthernet2/0/17  unassigned      YES unset  down                  down    
GigabitEthernet2/0/18  unassigned      YES unset  down                  down    
GigabitEthernet2/0/19  unassigned      YES unset  down                  down    
GigabitEthernet2/0/20  unassigned      YES unset  down                  down    
GigabitEthernet2/0/21  unassigned      YES unset  down                  down    
GigabitEthernet2/0/22  unassigned      YES unset  down                  down    
GigabitEthernet2/0/23  unassigned      YES unset  up                    up      
GigabitEthernet2/0/24  unassigned      YES unset  down                  down    
GigabitEthernet2/0/25  unassigned      YES unset  up                    up      
GigabitEthernet2/0/26  unassigned      YES unset  down                  down    
GigabitEthernet2/0/27  unassigned      YES unset  down                  down    
GigabitEthernet2/0/28  unassigned      YES unset  down                  down    
ae-dub-1-sw1#sh ip inter brief vrf all
                                ^
% Invalid input detected at '^' marker.

ae-dub-1-sw1#sh version
Cisco IOS Software, C3750 Software (C3750-IPBASEK9-M), Version 12.2(55)SE5, RELEASE SOFTWARE (fc1)
Technical Support: http://www.cisco.com/techsupport
Copyright (c) 1986-2012 by Cisco Systems, Inc.
Compiled Thu 09-Feb-12 18:59 by prod_rel_team
Image text-base: 0x01000000, data-base: 0x02D00000

ROM: Bootstrap program is C3750 boot loader
BOOTLDR: C3750 Boot Loader (C3750-HBOOT-M) Version 12.2(44)SE5, RELEASE SOFTWARE (fc1)

ae-dub-1-sw1 uptime is 39 weeks, 2 days, 18 hours, 16 minutes
System returned to ROM by power-on
System restarted at 10:21:26 UTC Sun May 3 2020
System image file is "flash:/c3750-ipbasek9-mz.122-55.SE5.bin"


This product contains cryptographic features and is subject to United
States and local country laws governing import, export, transfer and
use. Delivery of Cisco cryptographic products does not imply
third-party authority to import, export, distribute or use encryption.
Importers, exporters, distributors and users are responsible for
compliance with U.S. and local country laws. By using this product you
agree to comply with applicable laws and regulations. If you are unable
to comply with U.S. and local laws, return this product immediately.

A summary of U.S. laws governing Cisco cryptographic products may be found at:
http://www.cisco.com/wwl/export/crypto/tool/stqrg.html

If you require further assistance please contact us by sending email to
export@cisco.com.

cisco WS-C3750G-24PS (PowerPC405) processor (revision H0) with 131072K bytes of memory.
Processor board ID FOC1326Z3PG
Last reset from power-on
2 Virtual Ethernet interfaces
56 Gigabit Ethernet interfaces
The password-recovery mechanism is enabled.

512K bytes of flash-simulated non-volatile configuration memory.
Base ethernet MAC Address       : 00:26:51:D6:92:00
Motherboard assembly number     : 73-10217-08
Power supply part number        : 341-0108-04
Motherboard serial number       : FOC13262GRC
Power supply serial number      : DCA1322A3ZJ
Model revision number           : H0
Motherboard revision number     : A0
Model number                    : WS-C3750G-24PS-S
System serial number            : FOC1326Z3PG
Top Assembly Part Number        : 800-26855-02
Top Assembly Revision Number    : D0
Version ID                      : V06
CLEI Code Number                : COMXD00ARA
Hardware Board Revision Number  : 0x09


Switch Ports Model              SW Version            SW Image                 
------ ----- -----              ----------            ----------               
*    1 28    WS-C3750G-24PS     12.2(55)SE5           C3750-IPBASEK9-M         
     2 28    WS-C3750G-24PS     12.2(55)SE5           C3750-IPBASEK9-M         


Switch 02
---------
Switch Uptime                   : 39 weeks, 2 days, 18 hours, 12 minutes 
Base ethernet MAC Address       : 00:26:51:56:F7:00
Motherboard assembly number     : 73-10217-08
Power supply part number        : 341-0108-04
Motherboard serial number       : FOC132649YY
Power supply serial number      : DCA1322A3PT
Model revision number           : H0
Motherboard revision number     : A0
Model number                    : WS-C3750G-24PS-S
System serial number            : FOC1326Z3L2
Top assembly part number        : 800-26855-02
Top assembly revision number    : D0
Version ID                      : V06
CLEI Code Number                : COMXD00ARA

Configuration register is 0xF

ae-dub-1-sw1#