
ae-dub-sw1#terminal length 0
ae-dub-sw1#sh cdp nei detail | i IP
  IP address: 10.139.0.254
  IP address: 10.139.0.254
  IP address: 10.139.0.254
  IP address: 10.139.0.254
  IP address: 10.139.0.240
Cisco IOS Software, C3750 Software (C3750-IPBASEK9-M), Version 12.2(55)SE5, RELEASE SOFTWARE (fc1)
  IP address: 10.139.0.240
  IP address: 10.139.0.241
  IP address: 10.139.0.241
  IP address: 10.129.143.2
  IP address: 10.129.143.2
  IP address: 10.139.0.243
  IP address: 10.139.0.243
ae-dub-sw1#sh ip inter brief
Interface              IP-Address      OK? Method Status                Protocol
Vlan1                  unassigned      YES NVRAM  up                    up      
Vlan99                 10.139.0.253    YES NVRAM  up                    up      
Vlan106                10.139.7.253    YES NVRAM  up                    up      
Vlan108                10.196.43.2     YES manual up                    up      
Vlan198                10.139.1.229    YES NVRAM  up                    up      
Vlan199                10.139.1.193    YES NVRAM  up                    up      
Vlan600                10.139.4.253    YES NVRAM  up                    up      
Vlan2500               10.139.8.253    YES NVRAM  up                    up      
Vlan2502               10.139.10.253   YES NVRAM  up                    up      
Vlan2503               10.139.11.253   YES NVRAM  up                    up      
Vlan3200               10.139.24.253   YES NVRAM  up                    up      
FastEthernet0          unassigned      YES NVRAM  down                  down    
GigabitEthernet1/0/1   10.129.143.1    YES manual up                    up      
GigabitEthernet1/0/2   unassigned      YES unset  down                  down    
GigabitEthernet1/0/3   unassigned      YES unset  up                    down    
GigabitEthernet1/0/4   unassigned      YES unset  up                    down    
GigabitEthernet1/0/5   unassigned      YES unset  down                  down    
GigabitEthernet1/0/6   unassigned      YES unset  down                  down    
GigabitEthernet1/0/7   unassigned      YES unset  down                  down    
GigabitEthernet1/0/8   unassigned      YES unset  down                  down    
GigabitEthernet1/0/9   unassigned      YES unset  down                  down    
GigabitEthernet1/0/10  unassigned      YES unset  up                    up      
GigabitEthernet1/0/11  unassigned      YES unset  down                  down    
GigabitEthernet1/0/12  unassigned      YES unset  up                    up      
GigabitEthernet1/0/13  unassigned      YES unset  down                  down    
GigabitEthernet1/0/14  unassigned      YES unset  down                  down    
GigabitEthernet1/0/15  unassigned      YES unset  down                  down    
GigabitEthernet1/0/16  unassigned      YES unset  down                  down    
GigabitEthernet1/0/17  unassigned      YES unset  down                  down    
GigabitEthernet1/0/18  unassigned      YES unset  down                  down    
GigabitEthernet1/0/19  unassigned      YES unset  up                    up      
GigabitEthernet1/0/20  unassigned      YES unset  down                  down    
GigabitEthernet1/0/21  unassigned      YES unset  up                    up      
GigabitEthernet1/0/22  unassigned      YES unset  up                    up      
GigabitEthernet1/0/23  unassigned      YES unset  up                    up      
GigabitEthernet1/0/24  unassigned      YES unset  up                    up      
GigabitEthernet1/1/1   unassigned      YES unset  down                  down    
GigabitEthernet1/1/2   unassigned      YES unset  down                  down    
GigabitEthernet1/1/3   unassigned      YES unset  down                  down    
GigabitEthernet1/1/4   unassigned      YES unset  down                  down    
Te1/1/1                unassigned      YES unset  down                  down    
Te1/1/2                unassigned      YES unset  down                  down    
Port-channel1          unassigned      YES unset  up                    up      
Loopback0              10.139.1.1      YES NVRAM  up                    up      
ae-dub-sw1#sh ip inter brief vrf all
                              ^
% Invalid input detected at '^' marker.

ae-dub-sw1#sh version
Cisco IOS Software, C3750E Software (C3750E-UNIVERSALK9-M), Version 15.0(2)SE7, RELEASE SOFTWARE (fc1)
Technical Support: http://www.cisco.com/techsupport
Copyright (c) 1986-2014 by Cisco Systems, Inc.
Compiled Thu 23-Oct-14 12:32 by prod_rel_team

ROM: Bootstrap program is C3750E boot loader
BOOTLDR: C3750E Boot Loader (C3750X-HBOOT-M) Version 12.2(58r)SE1, RELEASE SOFTWARE (fc1)

ae-dub-sw1 uptime is 1 year, 35 weeks, 1 day, 23 hours, 40 minutes
System returned to ROM by power-on
System restarted at 05:42:30 UTC Sun Jun 2 2019
System image file is "flash:/c3750e-universalk9-mz.150-2.SE7.bin"


This product contains cryptographic features and is subject to United
States and local country laws governing import, export, transfer and
use. Delivery of Cisco cryptographic products does not imply
third-party authority to import, export, distribute or use encryption.
Importers, exporters, distributors and users are responsible for
compliance with U.S. and local country laws. By using this product you
agree to comply with applicable laws and regulations. If you are unable
to comply with U.S. and local laws, return this product immediately.

A summary of U.S. laws governing Cisco cryptographic products may be found at:
http://www.cisco.com/wwl/export/crypto/tool/stqrg.html

If you require further assistance please contact us by sending email to
export@cisco.com.

License Level: ipservices
License Type: Permanent
Next reload license Level: ipservices

cisco WS-C3750X-24 (PowerPC405) processor (revision A0) with 262144K bytes of memory.
Processor board ID FDO1726H0N9
Last reset from power-on
11 Virtual Ethernet interfaces
1 FastEthernet interface
28 Gigabit Ethernet interfaces
2 Ten Gigabit Ethernet interfaces
The password-recovery mechanism is enabled.

512K bytes of flash-simulated non-volatile configuration memory.
Base ethernet MAC Address       : 7C:69:F6:60:97:00
Motherboard assembly number     : 73-12530-10
Motherboard serial number       : FDO17260FKZ
Model revision number           : A0
Motherboard revision number     : B0
Model number                    : WS-C3750X-24T-E
Daughterboard assembly number   : 800-32727-03
Daughterboard serial number     : FDO17251TY0
System serial number            : FDO1726H0N9
Top Assembly Part Number        : 800-31327-08
Top Assembly Revision Number    : C0
Version ID                      : V05
CLEI Code Number                : COMJV00ARE
Hardware Board Revision Number  : 0x05


Switch Ports Model              SW Version            SW Image                 
------ ----- -----              ----------            ----------               
*    1 30    WS-C3750X-24       15.0(2)SE7            C3750E-UNIVERSALK9-M     


Configuration register is 0xF

ae-dub-sw1#