
ae-dub-CDCsw1#terminal length 0
ae-dub-CDCsw1#sh cdp nei detail | i IP
  IP address: 10.139.0.254
  IP address: 10.139.0.254
  IP address: 10.139.0.253
  IP address: 10.139.0.253
ae-dub-CDCsw1#sh ip inter brief
Interface              IP-Address      OK? Method Status                Protocol
Vlan1                  unassigned      YES NVRAM  up                    down    
Vlan99                 10.139.0.243    YES NVRAM  up                    up      
FastEthernet0          unassigned      YES NVRAM  down                  down    
GigabitEthernet1/0/1   unassigned      YES unset  down                  down    
GigabitEthernet1/0/2   unassigned      YES unset  down                  down    
GigabitEthernet1/0/3   unassigned      YES unset  down                  down    
GigabitEthernet1/0/4   unassigned      YES unset  up                    up      
GigabitEthernet1/0/5   unassigned      YES unset  down                  down    
GigabitEthernet1/0/6   unassigned      YES unset  down                  down    
GigabitEthernet1/0/7   unassigned      YES unset  up                    up      
GigabitEthernet1/0/8   unassigned      YES unset  up                    up      
GigabitEthernet1/0/9   unassigned      YES unset  down                  down    
GigabitEthernet1/0/10  unassigned      YES unset  down                  down    
GigabitEthernet1/0/11  unassigned      YES unset  down                  down    
GigabitEthernet1/0/12  unassigned      YES unset  down                  down    
GigabitEthernet1/0/13  unassigned      YES unset  down                  down    
GigabitEthernet1/0/14  unassigned      YES unset  down                  down    
GigabitEthernet1/0/15  unassigned      YES unset  down                  down    
GigabitEthernet1/0/16  unassigned      YES unset  down                  down    
GigabitEthernet1/0/17  unassigned      YES unset  down                  down    
GigabitEthernet1/0/18  unassigned      YES unset  down                  down    
GigabitEthernet1/0/19  unassigned      YES unset  down                  down    
GigabitEthernet1/0/20  unassigned      YES unset  down                  down    
GigabitEthernet1/0/21  unassigned      YES unset  down                  down    
GigabitEthernet1/0/22  unassigned      YES unset  down                  down    
GigabitEthernet1/0/23  unassigned      YES unset  down                  down    
GigabitEthernet1/0/24  unassigned      YES unset  down                  down    
GigabitEthernet1/0/25  unassigned      YES unset  down                  down    
GigabitEthernet1/0/26  unassigned      YES unset  down                  down    
GigabitEthernet1/0/27  unassigned      YES unset  down                  down    
GigabitEthernet1/0/28  unassigned      YES unset  down                  down    
GigabitEthernet1/0/29  unassigned      YES unset  down                  down    
GigabitEthernet1/0/30  unassigned      YES unset  down                  down    
GigabitEthernet1/0/31  unassigned      YES unset  down                  down    
GigabitEthernet1/0/32  unassigned      YES unset  down                  down    
GigabitEthernet1/0/33  unassigned      YES unset  down                  down    
GigabitEthernet1/0/34  unassigned      YES unset  down                  down    
GigabitEthernet1/0/35  unassigned      YES unset  down                  down    
GigabitEthernet1/0/36  unassigned      YES unset  down                  down    
GigabitEthernet1/0/37  unassigned      YES unset  down                  down    
GigabitEthernet1/0/38  unassigned      YES unset  down                  down    
GigabitEthernet1/0/39  unassigned      YES unset  down                  down    
GigabitEthernet1/0/40  unassigned      YES unset  down                  down    
GigabitEthernet1/0/41  unassigned      YES unset  down                  down    
GigabitEthernet1/0/42  unassigned      YES unset  down                  down    
GigabitEthernet1/0/43  unassigned      YES unset  down                  down    
GigabitEthernet1/0/44  unassigned      YES unset  down                  down    
GigabitEthernet1/0/45  unassigned      YES unset  down                  down    
GigabitEthernet1/0/46  unassigned      YES unset  up                    up      
GigabitEthernet1/0/47  unassigned      YES unset  up                    up      
GigabitEthernet1/0/48  unassigned      YES unset  up                    up      
GigabitEthernet1/0/49  unassigned      YES unset  down                  down    
GigabitEthernet1/0/50  unassigned      YES unset  down                  down    
GigabitEthernet1/0/51  unassigned      YES unset  down                  down    
GigabitEthernet1/0/52  unassigned      YES unset  down                  down    
ae-dub-CDCsw1#sh ip inter brief vrf all
                                 ^
% Invalid input detected at '^' marker.

ae-dub-CDCsw1#sh version
Cisco IOS Software, C2960S Software (C2960S-UNIVERSALK9-M), Version 12.2(55)SE7, RELEASE SOFTWARE (fc1)
Technical Support: http://www.cisco.com/techsupport
Copyright (c) 1986-2013 by Cisco Systems, Inc.
Compiled Mon 28-Jan-13 10:28 by prod_rel_team
Image text-base: 0x00003000, data-base: 0x01B00000

ROM: Bootstrap program is Alpha board boot loader
BOOTLDR: C2960S Boot Loader (C2960S-HBOOT-M) Version 12.2(55r)SE, RELEASE SOFTWARE (fc1)

ae-dub-CDCsw1 uptime is 39 weeks, 5 days, 17 hours, 24 minutes
System returned to ROM by power-on
System restarted at 10:54:23 UTC Thu Apr 30 2020
System image file is "flash:/c2960s-universalk9-mz.122-55.SE7/c2960s-universalk9-mz.122-55.SE7.bin"


This product contains cryptographic features and is subject to United
States and local country laws governing import, export, transfer and
use. Delivery of Cisco cryptographic products does not imply
third-party authority to import, export, distribute or use encryption.
Importers, exporters, distributors and users are responsible for
compliance with U.S. and local country laws. By using this product you
agree to comply with applicable laws and regulations. If you are unable
to comply with U.S. and local laws, return this product immediately.

A summary of U.S. laws governing Cisco cryptographic products may be found at:
http://www.cisco.com/wwl/export/crypto/tool/stqrg.html

If you require further assistance please contact us by sending email to
export@cisco.com.

cisco WS-C2960S-48TS-L (PowerPC) processor (revision J0) with 131072K bytes of memory.
Processor board ID FOC1718Z4QS
Last reset from power-on
2 Virtual Ethernet interfaces
1 FastEthernet interface
52 Gigabit Ethernet interfaces
The password-recovery mechanism is enabled.

512K bytes of flash-simulated non-volatile configuration memory.
Base ethernet MAC Address       : 0C:27:24:F7:C0:00
Motherboard assembly number     : 73-11909-09
Power supply part number        : 341-0327-04
Motherboard serial number       : FOC17177HMM
Power supply serial number      : LIT171210W9
Model revision number           : J0
Motherboard revision number     : A0
Model number                    : WS-C2960S-48TS-L
Daughterboard assembly number   : 73-11933-04
Daughterboard serial number     : FOC17180JFM
System serial number            : FOC1718Z4QS
Top Assembly Part Number        : 800-30950-06
Top Assembly Revision Number    : A0
Version ID                      : V06
CLEI Code Number                : COMGF00ARF
Daughterboard revision number   : A0
Hardware Board Revision Number  : 0x01


Switch Ports Model              SW Version            SW Image                 
------ ----- -----              ----------            ----------               
*    1 52    WS-C2960S-48TS-L   12.2(55)SE7           C2960S-UNIVERSALK9-M     


Configuration register is 0xF

ae-dub-CDCsw1#